./SPEC/ONE_LINER_SYNTAX/ONE_LINER_SYNTAX_SPEC.RB@@PASSED@@is expected to be empty
