./SPEC/BASIC_SPEC/BASIC_SPEC.RB@@PASSED@@adds two numbers together
