./SPEC/BASIC_SPEC/BASIC_SPEC.RB@@PASSED@@subtracts two numbers together
