./SPEC/BASIC_SPEC/BASIC_SPEC.START.RB@@PASSED@@adds two numbers together
