./SPEC/ITS/ITS_SPEC.RB@@PASSED@@is expected to eq 4
