./SPEC/DESCRIPTIONLESS_BLOCKS/DESCRIPTIONLESS_BLOCKS_SPEC.RB@@PASSED@@is expected to eq 17
