./ENGINE/SPEC/ENGINE_SPEC.RB@@FAILED@@runs specs from the engine root
