./SPEC/ENGINE_SPEC.RB@@PASSED@@runs specs from the engine root
