./SPEC/CLASS_METHODS/CLASS_METHODS_SPEC.RB@@PASSED@@handles the "." method naming convention
