./SPEC/BASIC/BASIC_SPEC.RB@@PASSED@@subtracts two numbers together
