./SPEC/BASIC/BASIC_SPEC.RB@@PASSED@@adds two numbers together
./SPEC/BASIC/BASIC_SPEC.RB@@PASSED@@subtracts two numbers together
