./SPEC/BASIC/BASIC_SPEC.RB@@PASSED@@adds two numbers together
