./SPEC/BLOCKLESS_IT/BLOCKLESS_IT_SPEC.RB@@PASSED@@this works and gets tested by neotest
