./SPEC/BLOCKLESS_IT/BLOCKLESS_IT_SPEC.RB@@SKIPPED@@this is a pending test
