./SPEC/BLOCKLESS_IT/BLOCKLESS_IT_SPEC.RB@@PASSED@@what about focus
