./SPEC/BLOCKLESS_IT/BLOCKLESS_IT_SPEC.RB@@PASSED@@is expected to eq 17
